../Core/Src/main.c:67:6:Init_All_LEDs	40	static
../Core/Src/main.c:102:6:Turn_Off_All_LEDs	8	static
../Core/Src/main.c:114:6:Flash_LED	16	static
../Core/Src/main.c:143:6:Generate_Next_Sequence	8	static
../Core/Src/main.c:154:6:Play_Sequence	16	static
../Core/Src/main.c:169:6:Celebration_Flash	16	static
../Core/Src/main.c:190:6:HAL_GPIO_EXTI_Callback	24	static
../Core/Src/main.c:210:5:main	8	static
../Core/Src/main.c:304:6:SystemClock_Config	88	static
../Core/Src/main.c:340:13:MX_GPIO_Init	24	static
../Core/Src/main.c:350:6:Error_Handler	4	static,ignoring_inline_asm
